1788706411 << updateOption
1788706411 << updateOption
1788706411 << auth authorizationStateWaitTdlibParameters
1788706411 >> setTdlibParameters api_id=0 api_hash_len=0 dir=tdlib
1788706411 << optionValueString
1788706411 << updateOption
1788706411 << updateOption
1788706411 << auth authorizationStateWaitTdlibParameters
1788706411 >> setTdlibParameters api_id=0 api_hash_len=0 dir=tdlib
1788706411 << optionValueString
1788706411 << ERROR {"@client_id":3,"@type":"error","code":400,"message":"Valid api_id must be provided. Can be obtained at https://my.telegram.org"}
1788706411 << ERROR {"@client_id":3,"@type":"error","code":400,"message":"Valid api_id must be provided. Can be obtained at https://my.telegram.org"}
1788706411 << updateOption
1788706411 << updateOption
1788706411 1788706411<< auth authorizationStateWaitTdlibParameters 
<< optionValueString
1788706411 1788706411>> setTdlibParameters api_id=0 api_hash_len=0 dir=tdlib 
<< ERROR {"@client_id":2,"@type":"error","code":400,"message":"Initialization parameters are needed: call setTdlibParameters first"}
1788706411 << ERROR {"@client_id":2,"@type":"error","code":400,"message":"Initialization parameters are needed: call setTdlibParameters first"}
1788706411 << updateOption
1788706411 << updateOption
1788706411 << auth authorizationStateWaitTdlibParameters
1788706411 >> setTdlibParameters api_id=0 api_hash_len=0 dir=tdlib
1788706411 << optionValueString
1788706411 << ERROR {"@client_id":2,"@type":"error","code":400,"message":"Initialization parameters are needed: call setTdlibParameters first"}1788706411
 << ERROR {"@client_id":2,"@type":"error","code":400,"message":"Valid api_id must be provided. Can be obtained at https://my.telegram.org"}
1788706411 << ERROR {"@client_id":5,"@type":"error","code":400,"message":"Valid api_id must be provided. Can be obtained at https://my.telegram.org"}
1788706411 << updateOption
1788706411 << updateOption
1788706411 << auth authorizationStateWaitTdlibParameters
1788706411 >> setTdlibParameters api_id=0 api_hash_len=0 dir=tdlib
1788706411 << optionValueString
1788706411 << updateOption
1788706411 << updateOption
1788706411 << auth authorizationStateWaitTdlibParameters
1788706411 >> setTdlibParameters api_id=0 api_hash_len=0 dir=tdlib
1788706411 << optionValueString
1788706411 << ERROR {"@client_id":7,"@type":"error","code":400,"message":"Valid api_id must be provided. Can be obtained at https://my.telegram.org"}
1788706411 << ERROR {"@client_id":7,"@type":"error","code":400,"message":"Valid api_id must be provided. Can be obtained at https://my.telegram.org"}
1788706411 << updateOption
17887064111788706411 << auth authorizationStateWaitTdlibParameters
 1788706411 << updateOption>> setTdlibParameters api_id=0 api_hash_len=0 dir=tdlib

1788706411 << optionValueString
1788706411 << updateOption
17887064111788706421 << updateOption
1788706421 << updateOption
1788706421 << auth authorizationStateWaitTdlibParameters
1788706421 >> setTdlibParameters api_id=0 api_hash_len=0 dir=tdlib
1788706421 << optionValueString
1788706421 << updateOption
1788706421 << updateOption
1788706421 << auth authorizationStateWaitTdlibParameters
1788706421 >> setTdlibParameters api_id=0 api_hash_len=0 dir=tdlib
1788706421 << optionValueString
1788706421 << ERROR {"@client_id":3,"@type":"error","code":400,"message":"Valid api_id must be provided. Can be obtained at https://my.telegram.org"}
1788706421 << ERROR {"@client_id":3,"@type":"error","code":400,"message":"Valid api_id must be provided. Can be obtained at https://my.telegram.org"}
1788706421 << updateOption
1788706421 << updateOption
1788706421 << auth authorizationStateWaitTdlibParameters
1788706421 >> setTdlibParameters api_id=0 api_hash_len=0 dir=tdlib
1788706421 << optionValueString
1788706421 << ERROR {"@client_id":4,"@type":"error","code":400,"message":"Valid api_id must be provided. Can be obtained at https://my.telegram.org"}
1788706421 << ERROR {"@client_id":2,"@type":"error","code":400,"message":"Initialization parameters are needed: call setTdlibParameters first"}
1788706421 << updateOption
1788706421 << updateOption
1788706421 << auth authorizationStateWaitTdlibParameters
1788706421 >> setTdlibParameters api_id=0 api_hash_len=0 dir=tdlib
1788706421 << optionValueString
1788706421 << updateOption
1788706421 << updateOption
1788706421 << auth authorizationStateWaitTdlibParameters
1788706421 >> setTdlibParameters api_id=0 api_hash_len=0 dir=tdlib
1788706421 << optionValueString
1788706421 << ERROR {"@client_id":6,"@type":"error","code":400,"message":"Valid api_id must be provided. Can be obtained at https://my.telegram.org"}
1788706421 << ERROR {"@client_id":6,"@type":"error","code":400,"message":"Valid api_id must be provided. Can be obtained at https://my.telegram.org"}
17887064211788706421 << updateOption << ERROR {"@client_id":2,"@type":"error","code":400,"message":"Initialization parameters are needed: call setTdlibParameters first"}
1788706421 << updateOption

1788706421 << auth authorizationStateWaitTdlibParameters
1788706421 << optionValueString
17887064211788706421 << updateOption
 >> setTdlibParameters api_id=0 api_hash_len=0 dir=tdlib
1788706421 << updateOption
1788706421 << auth authorizationStateWaitTdlibParameters
1788706421 >> setTdlibParameters api_id=0 api_hash_len=0 dir=tdlib
1788706421 << optionValueString
1788706421 << ERROR {"@client_id":8,"@type":"error","code":400,"message":"Valid api_id must be provided. Can be obtained at https://my.telegram.org"}
1788706421 << ERROR {"@client_id":7,"@type":"error","code":400,"message":"Valid api_id must be provided. Can be obtained at https://my.telegram.org"}
1788706421 << ERROR {"@client_id":2,"@type":"error","code":400,"message":"Initialization parameters are needed: call setTdlibParameters first"}
1788706421 << ERROR {"@client_id":2,"@type":"error","code":400,"message":"Initialization parameters are needed: call setTdlibParameters first"}
1788706421 << updateOption
1788706421 << updateOption
1788706421 << auth authorizationStateWaitTdlibParameters
1788706421 >> setTdlibParameters api_id=0 api_hash_len=0 dir=tdlib
1788706421 << optionValueString
1788706421 << ERROR {"@client_id":3,"@type":"error","code":400,"message":"Valid api_id must be provided. Can be obtained at https://my.telegram.org"}
1788706421 << ERROR {"@client_id":2,"@type":"error","code":400,"message":"Initialization parameters are needed: call setTdlibParameters first"}
1788706421 << updateOption
1788706421 << updateOption
1788706421 << auth authorizationStateWaitTdlibParameters
1788706421 >> setTdlibParameters api_id=0 api_hash_len=0 dir=tdlib
1788706421 << optionValueString
1788706421 << ERROR {"@client_id":9,"@type":"error","code":400,"message":"Valid api_id must be provided. Can be obtained at https://my.telegram.org"}
1788706421 << updateOption
1788706421 << updateOption
1788706421 << auth authorizationStateWaitTdlibParameters
1788706421 >> setTdlibParameters api_id=0 api_hash_len=0 dir=tdlib
1788706421 << ERROR {"@client_id":11,"@type":"error","code":400,"message":"Valid api_id must be provided. Can be obtained at https://my.telegram.org"}
1788706421 << optionValueString
1788706421 << ERROR {"@client_id":2,"@type":"error","code":400,"message":"Initialization parameters are needed: call setTdlibParameters first"}
1788706421 << updateOption
1788706421 << updateOption
1788706421 << auth authorizationStateWaitTdlibParameters
1788706421 >> setTdlibParameters api_id=0 api_hash_len=0 dir=tdlib
1788706421 << optionValueString
1788706421 << ERROR {"@client_id":2,"@type":"error","code":400,"message":"Initialization parameters are needed: call setTdlibParameters first"}
1788706421 << updateOption
1788706421 << updateOption
1788706421 << auth authorizationStateWaitTdlibParameters
1788706421 >> setTdlibParameters api_id=0 api_hash_len=0 dir=tdlib
1788706421 << optionValueString
1788706421 << ERROR {"@client_id":13,"@type":"error","code":400,"message":"Valid api_id must be provided. Can be obtained at https://my.telegram.org"}
1788706421 << ERROR {"@client_id":13,"@type":"error","code":400,"message":"Valid api_id must be provided. Can be obtained at https://my.telegram.org"}
1788706421 << ERROR {"@client_id":2,"@type":"error","code":400,"message":"Initialization parameters are needed: call setTdlibParameters first"}
1788706421 << ERROR {"@client_id":2,"@type":"error","code":400,"message":"Initialization parameters are needed: call setTdlibParameters first"}
1788706421 << updateOption
1788706421 << updateOption
1788706421 << auth authorizationStateWaitTdlibParameters
1788706421 >> setTdlibParameters api_id=0 api_hash_len=0 dir=tdlib
1788706421 << optionValueString
1788706421 << updateOption
1788706421 << updateOption
1788706421 << auth authorizationStateWaitTdlibParameters
1788706421 >> setTdlibParameters api_id=0 api_hash_len=0 dir=tdlib
1788706421 << optionValueString
1788706421 << ERROR {"@client_id":15,"@type":"error","code":400,"message":"Valid api_id must be provided. Can be obtained at https://my.telegram.org"}1788706421
 << ERROR {"@client_id":9,"@type":"error","code":400,"message":"Valid api_id must be provided. Can be obtained at https://my.telegram.org"}
1788706421 << ERROR {"@client_id":2,"@type":"error","code":400,"message":"Initialization parameters are needed: call setTdlibParameters first"}
1788706421 << updateOption
1788706421 << updateOption
1788706421 << auth authorizationStateWaitTdlibParameters
1788706421 >> setTdlibParameters api_id=0 api_hash_len=0 dir=tdlib
1788706421 << optionValueString
1788706421 << ERROR {"@client_id":11,"@type":"error","code":400,"message":"Valid api_id must be provided. Can be obtained at https://my.telegram.org"}
1788706421 << updateOption
1788706421 << updateOption
1788706421 << auth authorizationStateWaitTdlibParameters
1788706421 >> setTdlibParameters api_id=0 api_hash_len=0 dir=tdlib
1788706421 << optionValueString
1788706421 << ERROR {"@client_id":9,"@type":"error","code":400,"message":"Valid api_id must be provided. Can be obtained at https://my.telegram.org"}
17887064211788706421  << updateOption<< updateOption

1788706421 << auth authorizationStateWaitTdlibParameters1788706421
 << optionValueString
1788706421 >> setTdlibParameters api_id=0 api_hash_len=0 dir=tdlib
1788706421 << ERROR {"@client_id":18,"@type":"error","code":400,"message":"Valid api_id must be provided. Can be obtained at https://my.telegram.org"}
1788706421 << ERROR {"@client_id":2,"@type":"error","code":400,"message":"Initialization parameters are needed: call setTdlibParameters first"}
1788706421 << ERROR {"@client_id":2,"@type":"error","code":400,"message":"Initialization parameters are needed: call setTdlibParameters first"}
